1. CollectionFrameWork 의 List를 활용한 icecream 응용문제
2. 오라클 다운받기
https://www.oracle.com/database/technologies/xe-prior-release-downloads.html

3. cmd 관리자 권한 실행
> 한칸띄위고 sqlplus 입력
> system 
> 비번 안보여도 1234 입력
> sql> 뜨면 성공

* 비번이 틀리거나 다른걸로 입력했어도 
sql> alter user system identified by "1234"; 엔터


아래 처럼 입력해보기, lock이 아닌 unlock 시켜야 함!
SQL> conn scott/tiger;
ERROR:
ORA-01017: invalid username/password; logon denied


Warning: You are no longer connected to ORACLE.
SQL> alter user scott
  2  identified by tiger
  3  account unlock;
SP2-0640: Not connected
SQL>


위 처럼 연결이 안되었을 경우, 아래 경로찾기

4. C:\oraclexe\app\oracle\product\11.2.0\server\rdbms\admin\scott.sql

5. exit; 입력 후
6. sqlplus
    system
    1234


6. 아래 코드 복사해서 sql> 상태에 붙여넣고, 엔터
@C:\oraclexe\app\oracle\product\11.2.0\server\rdbms\admin\scott.sql

7. show user 엔터
8. USER is "SCOTT"  뜨면 성공!

비번을 바꾸기 위해 아래 코드 복사해서 붙여 넣기
9. alter user scott identified by tiger;

10. conn system/1234 입력후 엔터

11. system 로그인과 scott(test) 계정 로그인 확인하기 

SQL> conn system/1234
Connected.
SQL> conn scott/tiger
Connected.
SQL> show user
USER is "SCOTT"


12. sql developer 다운로드
https://www.oracle.com/kr/database/sqldeveloper/technologies/download/

13. Windows 64-bit with JDK 17 included  버전으로 다운받기
14. 설치 중간에 팝업창 뜨면 아니오 클릭
15. 수동 접속 생성 버튼이 뜨는 화면 나오면 성공!
16. > 수동 접속하기 클릭
name: system
사용자 이름 : system
비밀번호 : 1234
하단의 테스트 클릭 , 성공 뜨면, 옆에 접속 버튼 클릭

왼쪽 화면의 + 초록색 버튼 클릭 또는 시작화면 탭 클릭

name: scott
사용자 이름 : scott
비밀번호 : tiger
하단의 테스트 클릭, 성공 뜨면, 옆에 접속 버튼 클릭

# git hub
```
1. basic
        git add .
        git commit -m "메시지"
        git pull origin master (당겨오기)
        git push origin master (올리기)

2. 깃 협업
        팀원 초대
        협업 중 생기는 파일 수정시 생기는 충돌(conflict) 해결

    # 팀장 - 팀원 초대(github 웹)
    # 팀원 - repository 클론
    git clone 깃 허브 주소

    # 팀원 - 파일작성
    git add .
    git commit -m "message"
    git pull origin master
    git push origin master

    # 팀원 - branch 변경
    git checkout -b branch명
    git add .
    git commit -m "message""
    git pull origin branch명
    git push origin branch명

# Q1 팀장 - test2.md 파일 만들기! 안녕하세요! 프로젝트 입니다.
# Q2 팀원 - test2.md 반갑습니다. 팀원입니다.

```